 gcc -g p2final.c
 ./a.out
enter the side length
7
enter the side length
8
enter the side length
9
triangle is scalene
 gdb a.out
GNU gdb (Ubuntu 8.1.1-0ubuntu1) 8.1.1
Copyright (C) 2018 Free Software Foundation, Inc.
License GPLv3+: GNU GPL version 3 or later <http://gnu.org/licenses/gpl.html>
This is free software: you are free to change and redistribute it.
There is NO WARRANTY, to the extent permitted by law.  Type "show copying"
and "show warranty" for details.
This GDB was configured as "x86_64-linux-gnu".
Type "show configuration" for configuration details.
For bug reporting instructions, please see:
<http://www.gnu.org/software/gdb/bugs/>.
Find the GDB manual and other documentation resources online at:
<http://www.gnu.org/software/gdb/documentation/>.
For help, type "help".
Type "apropos word" to search for commands related to "word"...
Reading symbols from a.out...done.
(gdb) b main
Breakpoint 1 at 0x7f2: file p2final.c, line 34.
(gdb) r
Starting program: /home/runner/IA2-Test1-Session2-1/a.out 
warning: Error disabling address space randomization: Operation not permitted

Breakpoint 1, main () at p2final.c:34
34    a=input_side();
(gdb) s
input_side () at p2final.c:3
3   {
(gdb) n
5     printf("enter the side length\n");
(gdb) n
enter the side length
6     scanf("%d",&a);
(gdb) n
7
7     return a;
(gdb) n
8   }
(gdb) n
main () at p2final.c:35
35    b=input_side();
(gdb) s
input_side () at p2final.c:3
3   {
(gdb) n
5     printf("enter the side length\n");
(gdb) n
enter the side length
6     scanf("%d",&a);
(gdb) n
8
7     return a;
(gdb) n
8   }
(gdb) n
main () at p2final.c:36
36    c=input_side();
(gdb) s
input_side () at p2final.c:3
3   {
(gdb) n
5     printf("enter the side length\n");
(gdb) n
enter the side length
6     scanf("%d",&a);
(gdb) n
9
7     return a;
(gdb) n
8   }
(gdb) n
main () at p2final.c:37
37    isscalene=check_scalene(a,b,c);
(gdb) s
check_scalene (a=7, b=8, c=9) at p2final.c:11
11    if(a!=b && b!=c && a!=c)
(gdb) n
13      return 1;
(gdb) n
19  }
(gdb) n
main () at p2final.c:38
38    output(a,b,c,isscalene);
(gdb) s
output (a=7, b=8, c=9, isscalene=1) at p2final.c:22
22     if(a!=b && b!=c && a!=c)
(gdb) n
24       printf("triangle is scalene\n");
(gdb) n
triangle is scalene
30  }
(gdb) n
main () at p2final.c:39
39    return 0;
(gdb) n
40  }
(gdb) q
A debugging session is active.

    Inferior 1 [process 1297] will be killed.

Quit anyway? (y or n) y